// Jest Snapshot v1, https://goo.gl/fbAQLP

exports[`renders Button component 1`] = `
<div>
  <button
    class="bg-prime hover:bg-prime-dark text-light shadow-button active:shadow-button-primary-active transition-all active:transition-all stroke-light disabled:opacity-[0.3] disabled:pointer-events-none py-[0.5rem] px-[0.88rem] text-[0.875rem] font-[500] leading-[1.25rem] rounded-[0.5rem]"
    type="button"
  />
</div>
`;
